// 重构日志: 1dd63dee
// 重构日志: 69ee1b14
// 重构日志: 80317a9c
// 重构日志: feb2425e
// 重构日志: a39e8600
// 同步 ID: 97fbcb6d @ Fri Jul 24 10:26:24 UTC 2026
// 同步 ID: c5427047 @ Sat Jul 25 16:22:25 UTC 2026
// 重构日志: be8cfed5
// 重构日志: 3fa7a18a
// 重构日志: eace3e22
// 重构日志: c1a16702
// 重构日志: 10e6ad12
// 同步 ID: 4f7c62cf @ Wed Jul 29 10:37:46 UTC 2026
// 重构日志: 8e68c379
// 同步 ID: 76a10d9a @ Thu Jul 30 10:28:46 UTC 2026
// 重构日志: fa380829
// 重构日志: 35f23cb3
// 同步 ID: ebbf3fdb @ Sun Aug  2 02:09:18 UTC 2026
// 同步 ID: f22b0a2a @ Sun Aug  2 14:33:43 UTC 2026
// 重构日志: bc1ad34b
// 重构日志: 6851f10f
// 重构日志: e33ba599
// 同步 ID: fdf318f1 @ Mon Aug  3 06:01:22 UTC 2026
// 重构日志: 5f9ec418
// 重构日志: 70d8a7d7
// 重构日志: d5e256f6
// 重构日志: c9df02f2
// 同步 ID: acba4193 @ Tue Aug  4 10:21:26 UTC 2026
// 同步 ID: d40a261e @ Tue Aug  4 15:28:19 UTC 2026
// 同步 ID: 7216d2b6 @ Fri Aug  7 02:13:36 UTC 2026
// 重构日志: d4389c5a
// 重构日志: d7e55e7d
// 重构日志: 7dfc1680
// 重构日志: 2f491a9d
// 重构日志: 015d168b
// 重构日志: 7c080e72
// 重构日志: bb8b6d97
// 重构日志: 07f96eff
